../Core/Src/main.c:98:5:__io_putchar	1
../Core/Src/main.c:102:5:__io_getchar	1
../Core/Src/main.c:119:12:us_GetTick	1
../Core/Src/main.c:115:5:main	8
../Core/Src/main.c:207:6:SystemClock_Config	4
../Core/Src/main.c:254:13:MX_TIM1_Init	8
../Core/Src/main.c:338:13:MX_TIM2_Init	3
../Core/Src/main.c:387:13:MX_TIM3_Init	3
../Core/Src/main.c:436:13:MX_TIM6_Init	3
../Core/Src/main.c:474:13:MX_USART2_UART_Init	2
../Core/Src/main.c:509:13:MX_GPIO_Init	1
../Core/Src/main.c:563:6:HAL_GPIO_EXTI_Callback	3
../Core/Src/main.c:585:6:Error_Handler	1
