../Core/Src/main.c:98:5:__io_putchar	16	static
../Core/Src/main.c:102:5:__io_getchar	16	static
../Core/Src/main.c:119:12:us_GetTick	16	static
../Core/Src/main.c:115:5:main	24	static
../Core/Src/main.c:207:6:SystemClock_Config	96	static
../Core/Src/main.c:254:13:MX_TIM1_Init	112	static
../Core/Src/main.c:338:13:MX_TIM2_Init	56	static
../Core/Src/main.c:387:13:MX_TIM3_Init	56	static
../Core/Src/main.c:436:13:MX_TIM6_Init	24	static
../Core/Src/main.c:474:13:MX_USART2_UART_Init	8	static
../Core/Src/main.c:509:13:MX_GPIO_Init	40	static
../Core/Src/main.c:563:6:HAL_GPIO_EXTI_Callback	16	static
../Core/Src/main.c:585:6:Error_Handler	4	static,ignoring_inline_asm
