../Core/Src/main.c:68:5:__io_putchar	16	static
../Core/Src/main.c:72:5:__io_getchar	16	static
../Core/Src/main.c:85:5:main	8	static
../Core/Src/main.c:139:6:SystemClock_Config	96	static
../Core/Src/main.c:189:13:MX_TIM1_Init	112	static
../Core/Src/main.c:269:13:MX_TIM2_Init	64	static
../Core/Src/main.c:328:13:MX_TIM3_Init	64	static
../Core/Src/main.c:387:13:MX_TIM4_Init	40	static
../Core/Src/main.c:432:13:MX_USART2_UART_Init	8	static
../Core/Src/main.c:467:13:MX_GPIO_Init	48	static
../Core/Src/main.c:524:6:HAL_TIM_PeriodElapsedCallback	16	static
../Core/Src/main.c:545:6:Error_Handler	4	static,ignoring_inline_asm
