../Core/Src/main.c:82:5:__io_putchar	16	static
../Core/Src/main.c:88:5:__io_getchar	16	static
../Core/Src/main.c:102:5:main	16	static
../Core/Src/main.c:196:6:SystemClock_Config	120	static
../Core/Src/main.c:257:13:MX_I2C3_Init	8	static
../Core/Src/main.c:305:13:MX_SPI2_Init	8	static
../Core/Src/main.c:353:13:MX_TIM1_Init	120	static
../Core/Src/main.c:439:13:MX_TIM2_Init	56	static
../Core/Src/main.c:488:13:MX_TIM3_Init	56	static
../Core/Src/main.c:537:13:MX_TIM4_Init	64	static
../Core/Src/main.c:596:13:MX_TIM8_Init	120	static
../Core/Src/main.c:678:13:MX_USART2_UART_Init	8	static
../Core/Src/main.c:726:13:MX_GPIO_Init	48	static
../Core/Src/main.c:800:6:HAL_GPIO_EXTI_Rising_Callback	16	static
../Core/Src/main.c:821:6:Error_Handler	4	static,ignoring_inline_asm
